.next/types/validator.ts(234,31): error TS2344: Type 'typeof import("D:/Study/NCKH/FE/src/app/api/proxy/[...path]/route")' does not satisfy the constraint 'RouteHandlerConfig<"/api/proxy/[...path]">'.
  Types of property 'GET' are incompatible.
    Type '(req: NextRequest, { params }: { params: { path: string[]; }; }) => Promise<NextResponse<unknown>>' is not assignable to type '(request: NextRequest, context: { params: Promise<{ path: string[]; }>; }) => void | Response | Promise<void | Response>'.
      Types of parameters '__1' and 'context' are incompatible.
        Type '{ params: Promise<{ path: string[]; }>; }' is not assignable to type '{ params: { path: string[]; }; }'.
          Types of property 'params' are incompatible.
            Property 'path' is missing in type 'Promise<{ path: string[]; }>' but required in type '{ path: string[]; }'.
src/app/(protected)/(seller)/dashboard/page.tsx(143,41): error TS2322: Type '(value: number) => [string, string]' is not assignable to type 'Formatter<ValueType, NameType> & ((value: ValueType, name: NameType, item: TooltipPayloadEntry, index: number, payload: TooltipPayload) => ReactNode | [...])'.
  Type '(value: number) => [string, string]' is not assignable to type 'Formatter<ValueType, NameType>'.
    Types of parameters 'value' and 'value' are incompatible.
      Type 'ValueType | undefined' is not assignable to type 'number'.
        Type 'undefined' is not assignable to type 'number'.
src/app/page.tsx(77,67): error TS2552: Cannot find name 'Clock'. Did you mean 'Lock'?
src/components/auction/ReviewDialog.tsx(48,28): error TS2322: Type '{ children: Element; asChild: true; }' is not assignable to type 'IntrinsicAttributes & Props<unknown>'.
  Property 'asChild' does not exist on type 'IntrinsicAttributes & Props<unknown>'.
